MacBooks-MacBook-Air:~ apple$ mkdir s0
MacBooks-MacBook-Air:~ apple$ cd s0
MacBooks-MacBook-Air:s0 apple$ git init
Initialized empty Git repository in /Users/apple/s0/.git/
MacBooks-MacBook-Air:s0 apple$ git status
On branch master

No commits yet

Untracked files:
  (use "git add <file>..." to include in what will be committed)

	1.1.txt
	3.1.txt
	5.1.txt

nothing added to commit but untracked files present (use "git add" to track)
MacBooks-MacBook-Air:s0 apple$ git add.
git: 'add.' is not a git command. See 'git --help'.

The most similar command is
	add
MacBooks-MacBook-Air:s0 apple$ git add .
MacBooks-MacBook-Air:s0 apple$ git status
On branch master

No commits yet

Changes to be committed:
  (use "git rm --cached <file>..." to unstage)

	new file:   1.1.txt
	new file:   3.1.txt
	new file:   5.1.txt

MacBooks-MacBook-Air:s0 apple$ git commit -m "the three files are added"
[master (root-commit) 949ea57] the three files are added
 3 files changed, 3 insertions(+)
 create mode 100644 1.1.txt
 create mode 100644 3.1.txt
 create mode 100644 5.1.txt

MacBooks-MacBook-Air:s0 apple$ git rm 3.1.txt
rm '3.1.txt'
MacBooks-MacBook-Air:s0 apple$ git status
On branch master
Changes to be committed:
  (use "git reset HEAD <file>..." to unstage)

	deleted:    3.1.txt

MacBooks-MacBook-Air:s0 apple$ git commit -m "i deleted the 3.1 file"
[master eef6f1b] i deleted the 3.1 file
 1 file changed, 1 deletion(-)
 delete mode 100644 3.1.txt
MacBooks-MacBook-Air:s0 apple$ git log 
commit eef6f1b03be2d20d172f73a01719ce37857426b8 (HEAD -> master)
Author: dareen <dareenmohamed97@hotmail.com>
Date:   Mon Feb 12 19:27:53 2018 +0200

    i deleted the 3.1 file

commit 949ea5756b56cd952289a0e279f4dd0b417e9900
Author: dareen <dareenmohamed97@hotmail.com>
Date:   Mon Feb 12 19:18:40 2018 +0200

    the three files are added

MacBooks-MacBook-Air:s0 apple$ git revert eef6f1b03be2d20d172f73a01719ce37857426b8
Revert "i deleted the 3.1 file"

This reverts commit eef6f1b03be2d20d172f73a01719ce37857426b8.

# Please enter the commit message for your changes. Lines starting
# with '#' will be ignored, and an empty message aborts the commit.
#
# On branch master
# Changes to be committed:
#       new file:   3.1.txt
#
~                                                                               
~                                                                               
~                                                                               
~                                                                               
~                                                                               
~                                                                               
~                                                                               
~                                                                               
~                                                                               
~                                                                               
~                                                                               
~                                                                               
"~/s0/.git/COMMIT_EDITMSG" 11L, 303C

MacBooks-MacBook-Air:~ apple$ cd s0
MacBooks-MacBook-Air:s0 apple$ git init
Reinitialized existing Git repository in /Users/apple/s0/.git/
MacBooks-MacBook-Air:s0 apple$ git status
On branch master
Changes to be committed:
  (use "git reset HEAD <file>..." to unstage)

	new file:   3.1.txt

MacBooks-MacBook-Air:s0 apple$ git commit -m "the file is rolled back again"
[master f69ebb6] the file is rolled back again
 1 file changed, 1 insertion(+)
 create mode 100644 3.1.txt
MacBooks-MacBook-Air:~ apple$ cd s0
MacBooks-MacBook-Air:s0 apple$ git init
Reinitialized existing Git repository in /Users/apple/s0/.git/
MacBooks-MacBook-Air:s0 apple$ git status
On branch master
Changes to be committed:
  (use "git reset HEAD <file>..." to unstage)

	new file:   3.1.txt

MacBooks-MacBook-Air:s0 apple$ git commit -m "the file is rolled back again"
[master f69ebb6] the file is rolled back again
 1 file changed, 1 insertion(+)
 create mode 100644 3.1.txt
MacBooks-MacBook-Air:s0 apple$ touch README.md
MacBooks-MacBook-Air:s0 apple$ git branch ReadMe
MacBooks-MacBook-Air:s0 apple$ git checkout ReadMe
Switched to branch 'ReadMe'
MacBooks-MacBook-Air:s0 apple$ git add README.md
MacBooks-MacBook-Air:s0 apple$ git status
On branch ReadMe
Changes to be committed:
  (use "git reset HEAD <file>..." to unstage)

	new file:   README.md

MacBooks-MacBook-Air:s0 apple$ git commit -m "readMe file is added to the repo and readMe branch is added"
[ReadMe 83bfd0a] readMe file is added to the repo and readMe branch is added
 1 file changed, 8 insertions(+)
 create mode 100644 README.md
 MacBooks-MacBook-Air:s0 apple$ git checkout master
Switched to branch 'master'
Your branch is up to date with 'origin/master'.
MacBooks-MacBook-Air:s0 apple$ git merge ReadMe
Updating f69ebb6..83bfd0a
Fast-forward
 README.md | 8 ++++++++
 1 file changed, 8 insertions(+)
 create mode 100644 README.md
MacBooks-MacBook-Air:s0 apple$ git commit -m "the master branch and the ReadMe are merged"
On branch master
Your branch is ahead of 'origin/master' by 1 commit.
  (use "git push" to publish your local commits)

nothing to commit, working tree clean
MacBooks-MacBook-Air:s0 apple$ 

